09:58:34 **** Build of configuration Debug for project 001_RGB_Bars ****
make -j8 all 
arm-none-eabi-gcc "../Src/main.c" -mcpu=cortex-m4 -std=gnu11 -g3 -DDEBUG -DSTM32F429I_DISC1 -DSTM32 -DSTM32F429ZITx -DSTM32F4 -c -I../Inc -O0 -ffunction-sections -fdata-sections -Wall -fstack-usage -MMD -MP -MF"Src/main.d" -MT"Src/main.o" --specs=nano.specs -mfloat-abi=soft -mthumb -o "Src/main.o"
arm-none-eabi-gcc -o "001_RGB_Bars.elf" @"objects.list"   -mcpu=cortex-m4 -T"C:\GitRepo\STM32_LCD\workspace\001_RGB_Bars\STM32F429ZITX_FLASH.ld" --specs=nosys.specs -Wl,-Map="001_RGB_Bars.map" -Wl,--gc-sections -static --specs=nano.specs -mfloat-abi=soft -mthumb -Wl,--start-group -lc -lm -Wl,--end-group
Finished building target: 001_RGB_Bars.elf
 
arm-none-eabi-size   001_RGB_Bars.elf 
arm-none-eabi-objdump -h -S  001_RGB_Bars.elf  > "001_RGB_Bars.list"
   text	   data	    bss	    dec	    hex	filename
    680	      8	   1568	   2256	    8d0	001_RGB_Bars.elf
Finished building: default.size.stdout
 
Finished building: 001_RGB_Bars.list
 
